?   	github.com/bugsyhewitt/exhumed/cmd/exhumed	[no test files]
ok  	github.com/bugsyhewitt/exhumed/internal/bodyfilter	0.008s
ok  	github.com/bugsyhewitt/exhumed/internal/calibrate	0.006s
ok  	github.com/bugsyhewitt/exhumed/internal/chain	0.011s
ok  	github.com/bugsyhewitt/exhumed/internal/cli	24.187s
ok  	github.com/bugsyhewitt/exhumed/internal/codefilter	0.008s
ok  	github.com/bugsyhewitt/exhumed/internal/db	0.075s
ok  	github.com/bugsyhewitt/exhumed/internal/detect	0.035s
ok  	github.com/bugsyhewitt/exhumed/internal/engine	5.490s
ok  	github.com/bugsyhewitt/exhumed/internal/extract	0.009s
ok  	github.com/bugsyhewitt/exhumed/internal/feed	0.032s
ok  	github.com/bugsyhewitt/exhumed/internal/filterbodyjson	0.007s
ok  	github.com/bugsyhewitt/exhumed/internal/filtertitle	0.006s
ok  	github.com/bugsyhewitt/exhumed/internal/headerfilter	0.004s
ok  	github.com/bugsyhewitt/exhumed/internal/inject	0.011s
ok  	github.com/bugsyhewitt/exhumed/internal/linefilter	0.005s
ok  	github.com/bugsyhewitt/exhumed/internal/matchbodyjson	0.007s
ok  	github.com/bugsyhewitt/exhumed/internal/matchcode	0.005s
ok  	github.com/bugsyhewitt/exhumed/internal/matchfilter	0.009s
ok  	github.com/bugsyhewitt/exhumed/internal/matchheaders	0.009s
ok  	github.com/bugsyhewitt/exhumed/internal/matchlines	0.005s
ok  	github.com/bugsyhewitt/exhumed/internal/matchsize	0.006s
ok  	github.com/bugsyhewitt/exhumed/internal/matchtime	0.007s
ok  	github.com/bugsyhewitt/exhumed/internal/matchtitle	0.006s
ok  	github.com/bugsyhewitt/exhumed/internal/matchwords	0.006s
ok  	github.com/bugsyhewitt/exhumed/internal/oob	0.125s
ok  	github.com/bugsyhewitt/exhumed/internal/output	0.010s
ok  	github.com/bugsyhewitt/exhumed/internal/pathlist	0.006s
ok  	github.com/bugsyhewitt/exhumed/internal/phpfilter	0.006s
ok  	github.com/bugsyhewitt/exhumed/internal/replay	0.108s
ok  	github.com/bugsyhewitt/exhumed/internal/respfilter	0.003s
ok  	github.com/bugsyhewitt/exhumed/internal/scanstate	0.006s
ok  	github.com/bugsyhewitt/exhumed/internal/timefilter	0.003s
ok  	github.com/bugsyhewitt/exhumed/internal/traversal	0.004s
?   	github.com/bugsyhewitt/exhumed/internal/version	[no test files]
ok  	github.com/bugsyhewitt/exhumed/internal/wordfilter	0.003s
ok  	github.com/bugsyhewitt/exhumed/testbed/server	0.003s
?   	github.com/bugsyhewitt/exhumed/tools/build-feed	[no test files]
